
Allocating common symbols
Common symbol       size              file

monitor_state_id    0x1               Alarm_Monitor.o
sensor_state_id     0x1               main.o
alarm_state_id      0x1               Alarm_Actuator_Driver.o

Memory Configuration

Name             Origin             Length             Attributes
flash            0x08000000         0x00020000         xr
sram             0x20000000         0x00005000         xrw
*default*        0x00000000         0xffffffff

Linker script and memory map


.text           0x08000000      0x3f8
 *(.vectors*)
 .vectors       0x08000000       0x10 startup.o
                0x08000000                vectors
 *(.text*)
 .text          0x08000010       0x98 Alarm_Actuator_Driver.o
                0x08000010                ST_alarm_off
                0x08000040                ST_alarm_on
                0x08000070                ST_alarm_waiting
 .text          0x080000a8       0x90 Alarm_Monitor.o
                0x080000a8                ST_monitor_off
                0x080000d4                ST_monitor_on
                0x08000100                ST_monitor_waiting
 .text          0x08000138      0x10c driver.o
                0x08000138                Delay
                0x0800015c                getPressureVal
                0x08000174                Set_Alarm_actuator
                0x080001c4                GPIO_INITIALIZATION
 .text          0x08000244       0x80 main.o
                0x08000244                main
                0x0800027c                sendPressureVal
 .text          0x080002c4       0x80 Pressure_Sensor_Driver.o
                0x080002c4                ST_sensor_waiting
                0x080002fc                ST_sensor_reading
 .text          0x08000344       0xb4 startup.o
                0x08000344                NMI_handler
                0x08000344                default_handler
                0x08000344                HFault_handler
                0x08000350                reset_handler
 *(.rodata)
                0x080003f8                _E_text = .

.glue_7         0x080003f8        0x0
 .glue_7        0x00000000        0x0 linker stubs

.glue_7t        0x080003f8        0x0
 .glue_7t       0x00000000        0x0 linker stubs

.vfp11_veneer   0x080003f8        0x0
 .vfp11_veneer  0x00000000        0x0 linker stubs

.v4_bx          0x080003f8        0x0
 .v4_bx         0x00000000        0x0 linker stubs

.iplt           0x080003f8        0x0
 .iplt          0x00000000        0x0 Alarm_Actuator_Driver.o

.rel.dyn        0x080003f8        0x0
 .rel.iplt      0x00000000        0x0 Alarm_Actuator_Driver.o

.data           0x20000000       0x1c load address 0x080003f8
                0x20000000                _S_data = .
 *(.data*)
 .data          0x20000000        0x4 Alarm_Actuator_Driver.o
                0x20000000                alarmTimer
 .data          0x20000004        0x4 Alarm_Monitor.o
                0x20000004                monitorTimer
 .data          0x20000008        0x0 driver.o
 .data          0x20000008        0xc main.o
                0x20000008                PS_pState
                0x2000000c                AM_pState
                0x20000010                AA_pState
 .data          0x20000014        0x8 Pressure_Sensor_Driver.o
                0x20000014                sensorTimer
                0x20000018                threshold
 .data          0x2000001c        0x0 startup.o
                0x2000001c                . = ALIGN (0x4)
                0x2000001c                _E_data = .

.igot.plt       0x2000001c        0x0 load address 0x08000414
 .igot.plt      0x00000000        0x0 Alarm_Actuator_Driver.o

.bss            0x2000001c     0x1007 load address 0x08000414
                0x2000001c                _S_bss = .
 *(.bss*)
 .bss           0x2000001c        0x0 Alarm_Actuator_Driver.o
 .bss           0x2000001c        0x0 Alarm_Monitor.o
 .bss           0x2000001c        0x0 driver.o
 .bss           0x2000001c        0x0 main.o
 .bss           0x2000001c        0x4 Pressure_Sensor_Driver.o
                0x2000001c                pVal
 .bss           0x20000020        0x0 startup.o
                0x20000020                . = ALIGN (0x4)
                0x20000020                _E_bss = .
                0x20001020                . = (. + 0x1000)
 *fill*         0x20000020     0x1000 
                0x20001020                stack_top = .
 COMMON         0x20001020        0x1 Alarm_Actuator_Driver.o
                0x20001020                alarm_state_id
 COMMON         0x20001021        0x1 Alarm_Monitor.o
                0x20001021                monitor_state_id
 COMMON         0x20001022        0x1 main.o
                0x20001022                sensor_state_id
LOAD Alarm_Actuator_Driver.o
LOAD Alarm_Monitor.o
LOAD driver.o
LOAD main.o
LOAD Pressure_Sensor_Driver.o
LOAD startup.o
OUTPUT(sensor_project.elf elf32-littlearm)

.debug_info     0x00000000      0x763
 .debug_info    0x00000000      0x112 Alarm_Actuator_Driver.o
 .debug_info    0x00000112      0x13f Alarm_Monitor.o
 .debug_info    0x00000251      0x103 driver.o
 .debug_info    0x00000354      0x18d main.o
 .debug_info    0x000004e1      0x11b Pressure_Sensor_Driver.o
 .debug_info    0x000005fc      0x167 startup.o

.debug_abbrev   0x00000000      0x3bc
 .debug_abbrev  0x00000000       0x8d Alarm_Actuator_Driver.o
 .debug_abbrev  0x0000008d       0x8d Alarm_Monitor.o
 .debug_abbrev  0x0000011a       0x9d driver.o
 .debug_abbrev  0x000001b7       0xb8 main.o
 .debug_abbrev  0x0000026f       0x8d Pressure_Sensor_Driver.o
 .debug_abbrev  0x000002fc       0xc0 startup.o

.debug_loc      0x00000000      0x2f0
 .debug_loc     0x00000000       0x84 Alarm_Actuator_Driver.o
 .debug_loc     0x00000084       0x84 Alarm_Monitor.o
 .debug_loc     0x00000108       0xc8 driver.o
 .debug_loc     0x000001d0       0x64 main.o
 .debug_loc     0x00000234       0x58 Pressure_Sensor_Driver.o
 .debug_loc     0x0000028c       0x64 startup.o

.debug_aranges  0x00000000       0xc0
 .debug_aranges
                0x00000000       0x20 Alarm_Actuator_Driver.o
 .debug_aranges
                0x00000020       0x20 Alarm_Monitor.o
 .debug_aranges
                0x00000040       0x20 driver.o
 .debug_aranges
                0x00000060       0x20 main.o
 .debug_aranges
                0x00000080       0x20 Pressure_Sensor_Driver.o
 .debug_aranges
                0x000000a0       0x20 startup.o

.debug_line     0x00000000      0x342
 .debug_line    0x00000000       0x6e Alarm_Actuator_Driver.o
 .debug_line    0x0000006e       0x79 Alarm_Monitor.o
 .debug_line    0x000000e7       0x9c driver.o
 .debug_line    0x00000183       0x9b main.o
 .debug_line    0x0000021e       0x6c Pressure_Sensor_Driver.o
 .debug_line    0x0000028a       0xb8 startup.o

.debug_str      0x00000000      0x36c
 .debug_str     0x00000000      0x114 Alarm_Actuator_Driver.o
                                0x16e (size before relaxing)
 .debug_str     0x00000114       0xb0 Alarm_Monitor.o
                                0x1a5 (size before relaxing)
 .debug_str     0x000001c4       0x99 driver.o
                                0x137 (size before relaxing)
 .debug_str     0x0000025d       0x46 main.o
                                0x1c6 (size before relaxing)
 .debug_str     0x000002a3       0x4e Pressure_Sensor_Driver.o
                                0x176 (size before relaxing)
 .debug_str     0x000002f1       0x7b startup.o
                                0x161 (size before relaxing)

.comment        0x00000000       0x11
 .comment       0x00000000       0x11 Alarm_Actuator_Driver.o
                                 0x12 (size before relaxing)
 .comment       0x00000000       0x12 Alarm_Monitor.o
 .comment       0x00000000       0x12 driver.o
 .comment       0x00000000       0x12 main.o
 .comment       0x00000000       0x12 Pressure_Sensor_Driver.o
 .comment       0x00000000       0x12 startup.o

.ARM.attributes
                0x00000000       0x33
 .ARM.attributes
                0x00000000       0x33 Alarm_Actuator_Driver.o
 .ARM.attributes
                0x00000033       0x33 Alarm_Monitor.o
 .ARM.attributes
                0x00000066       0x33 driver.o
 .ARM.attributes
                0x00000099       0x33 main.o
 .ARM.attributes
                0x000000cc       0x33 Pressure_Sensor_Driver.o
 .ARM.attributes
                0x000000ff       0x33 startup.o

.debug_frame    0x00000000      0x21c
 .debug_frame   0x00000000       0x64 Alarm_Actuator_Driver.o
 .debug_frame   0x00000064       0x64 Alarm_Monitor.o
 .debug_frame   0x000000c8       0x78 driver.o
 .debug_frame   0x00000140       0x48 main.o
 .debug_frame   0x00000188       0x48 Pressure_Sensor_Driver.o
 .debug_frame   0x000001d0       0x4c startup.o
