
Memory Configuration

Name             Origin             Length             Attributes
flash            0x08000000         0x00020000         xr
sram             0x20000000         0x00005000         xrw
*default*        0x00000000         0xffffffff

Linker script and memory map


.text           0x08000000       0xec
 *(.vectors*)
 .vectors       0x08000000       0x10 startup.o
                0x08000000                vectors
 *(.text*)
 .text          0x08000010       0x24 startup.o
                0x08000010                NMI_handler
                0x0800001c                HFault_handler
                0x08000028                reset_handler
 .text          0x08000034       0xb4 main.o
                0x08000034                main
 *(.rodata)
 .rodata        0x080000e8        0x4 main.o
                0x080000e8                constVar

.glue_7         0x080000ec        0x0
 .glue_7        0x00000000        0x0 linker stubs

.glue_7t        0x080000ec        0x0
 .glue_7t       0x00000000        0x0 linker stubs

.vfp11_veneer   0x080000ec        0x0
 .vfp11_veneer  0x00000000        0x0 linker stubs

.v4_bx          0x080000ec        0x0
 .v4_bx         0x00000000        0x0 linker stubs

.iplt           0x080000ec        0x0
 .iplt          0x00000000        0x0 startup.o

.rel.dyn        0x080000ec        0x0
 .rel.iplt      0x00000000        0x0 startup.o

.bss            0x20000000        0x0
 *(.bss*)
 .bss           0x20000000        0x0 startup.o
 .bss           0x20000000        0x0 main.o

.data           0x080000ec        0x4
 *(.data*)
 .data          0x080000ec        0x0 startup.o
 .data          0x080000ec        0x4 main.o
                0x080000ec                gVar
LOAD startup.o
LOAD main.o
OUTPUT(lab2.elf elf32-littlearm)

.igot.plt       0x080000f0        0x0
 .igot.plt      0x00000000        0x0 startup.o

.debug_info     0x00000000      0x1e6
 .debug_info    0x00000000       0xf3 startup.o
 .debug_info    0x000000f3       0xf3 main.o

.debug_abbrev   0x00000000      0x133
 .debug_abbrev  0x00000000       0x9e startup.o
 .debug_abbrev  0x0000009e       0x95 main.o

.debug_loc      0x00000000       0xbc
 .debug_loc     0x00000000       0x84 startup.o
 .debug_loc     0x00000084       0x38 main.o

.debug_aranges  0x00000000       0x40
 .debug_aranges
                0x00000000       0x20 startup.o
 .debug_aranges
                0x00000020       0x20 main.o

.debug_line     0x00000000      0x125
 .debug_line    0x00000000       0x87 startup.o
 .debug_line    0x00000087       0x9e main.o

.debug_str      0x00000000       0xfd
 .debug_str     0x00000000       0xe8 startup.o
                                0x11c (size before relaxing)
 .debug_str     0x000000e8       0x15 main.o
                                 0xfb (size before relaxing)

.comment        0x00000000       0x11
 .comment       0x00000000       0x11 startup.o
                                 0x12 (size before relaxing)
 .comment       0x00000000       0x12 main.o

.ARM.attributes
                0x00000000       0x33
 .ARM.attributes
                0x00000000       0x33 startup.o
 .ARM.attributes
                0x00000033       0x33 main.o

.debug_frame    0x00000000       0x88
 .debug_frame   0x00000000       0x5c startup.o
 .debug_frame   0x0000005c       0x2c main.o
